export const snapshot = {};

snapshot[`jsrRef() 1`] = `
'<ul>
<li><code>foo</code></li>
<li><a href="https://jsr.io/@hongminhee/aitertools@0.6.0/doc/~/Range"><code>Range</code></a></li>
<li><a href="https://jsr.io/@hongminhee/aitertools@0.6.0/doc/~/Range#constructor_0"><code>new Range()</code></a></li>
<li><a href="https://jsr.io/@hongminhee/aitertools@0.6.0/doc/~/Range.prototype.at"><code>Range.at()</code></a></li>
<li><a href="https://jsr.io/@hongminhee/aitertools@0.6.0/doc/~/Range.prototype.at"><code>at()</code></a></li>
<li><a href="https://jsr.io/@hongminhee/aitertools@0.6.0/doc/~/take"><code>take()</code></a></li>
<li><a href="test.html">code already inside a link: <code>Range</code></a></li>
</ul>
'
`;

snapshot[`jsrRef() 2`] = `
'<ul>
<li><code>foo</code></li>
<li><a href="https://jsr.io/@fedify/fedify@0.11.3/doc/federation/~/Federation"><code>Federation</code></a></li>
<li><a href="https://jsr.io/@fedify/fedify@0.11.3/doc/federation/~/Federation#constructor_0"><code>new Federation()</code></a></li>
<li><a href="https://jsr.io/@fedify/fedify@0.11.3/doc/federation/~/Federation.prototype.fetch"><code>Federation.fetch()</code></a></li>
</ul>
'
`;
